======================================================================
CROSS-LAYER DOCTRINE COMPLIANCE AUDIT
Scanning ALL files in sample repos for doctrine keywords
======================================================================

--- Layer: organelle ---
  webwaka-organelle-audit-emitter:
    offline=True nigeria=False timeout=True mobile=False pwa=False vendor=False △
  webwaka-organelle-message-gateway:
    offline=True nigeria=False timeout=True mobile=False pwa=False vendor=False △
  webwaka-organelle-workflow-orchestrator:
    offline=True nigeria=False timeout=True mobile=False pwa=False vendor=False △

--- Layer: cell ---
  webwaka-cell-access-ctrl:
    offline=True nigeria=True timeout=True mobile=True pwa=True vendor=True ✓
  webwaka-cell-event-dispatch:
    offline=True nigeria=True timeout=True mobile=True pwa=True vendor=True ✓
  webwaka-cell-validate-exec:
    offline=True nigeria=True timeout=True mobile=True pwa=True vendor=True ✓

--- Layer: tissue ---
  webwaka-tissue-ai-cognitive:
    offline=True nigeria=True timeout=True mobile=True pwa=True vendor=True ✓
  webwaka-tissue-event:
    offline=True nigeria=True timeout=True mobile=True pwa=True vendor=True ✓
  webwaka-tissue-workflow:
    offline=True nigeria=True timeout=True mobile=True pwa=True vendor=True ✓

--- Layer: organ ---
  webwaka-organ-ai-model-serving:
    offline=True nigeria=True timeout=True mobile=True pwa=True vendor=True ✓
  webwaka-organ-fin-payment-processing:
    offline=True nigeria=True timeout=True mobile=True pwa=True vendor=True ✓
  webwaka-organ-trn-shipment-tracking:
    offline=True nigeria=True timeout=True mobile=True pwa=True vendor=True ✓

--- Layer: system ---
  webwaka-system-ai-cognitive-fabric:
    offline=True nigeria=True timeout=True mobile=True pwa=True vendor=True ✓
  webwaka-system-fin-banking:
    offline=True nigeria=True timeout=True mobile=True pwa=True vendor=True ✓
  webwaka-system-soc-socialplatform:
    offline=True nigeria=True timeout=True mobile=True pwa=True vendor=True ✓

--- Layer: organism ---
  webwaka-organism-platform:
    offline=True nigeria=True timeout=True mobile=True pwa=True vendor=True ✓

======================================================================
DOCTRINE AUDIT SUMMARY
======================================================================
Total Checks: 96
Passed: 84
Failed: 12
Pass Rate: 87.5%

Failures:
  ❌ FAIL|organelle|webwaka-organelle-audit-emitter|nigeria_first|No en-NG/NGN/Nigeria in any file
  ❌ FAIL|organelle|webwaka-organelle-audit-emitter|mobile_first|No mobile/responsive in any file
  ❌ FAIL|organelle|webwaka-organelle-audit-emitter|pwa_first|No pwa/service-worker in any file
  ❌ FAIL|organelle|webwaka-organelle-audit-emitter|vendor_neutral|No vendor/neutral in any file
  ❌ FAIL|organelle|webwaka-organelle-message-gateway|nigeria_first|No en-NG/NGN/Nigeria in any file
  ❌ FAIL|organelle|webwaka-organelle-message-gateway|mobile_first|No mobile/responsive in any file
  ❌ FAIL|organelle|webwaka-organelle-message-gateway|pwa_first|No pwa/service-worker in any file
  ❌ FAIL|organelle|webwaka-organelle-message-gateway|vendor_neutral|No vendor/neutral in any file
  ❌ FAIL|organelle|webwaka-organelle-workflow-orchestrator|nigeria_first|No en-NG/NGN/Nigeria in any file
  ❌ FAIL|organelle|webwaka-organelle-workflow-orchestrator|mobile_first|No mobile/responsive in any file
  ❌ FAIL|organelle|webwaka-organelle-workflow-orchestrator|pwa_first|No pwa/service-worker in any file
  ❌ FAIL|organelle|webwaka-organelle-workflow-orchestrator|vendor_neutral|No vendor/neutral in any file

Doctrine audit complete.
