======================================================================
INTER-LAYER INTERFACE CONTRACT & DEPENDENCY CHAIN VERIFICATION
======================================================================

--- 1. Layer Method Naming Convention ---
  [organelle] webwaka-organelle-subject-registry/src/subject-registry-entity.ts: methods verified
  [cell] webwaka-cell-access-ctrl/src/access-ctrl-cell.ts: methods verified
  [tissue] webwaka-tissue-event/src/entity.ts: methods verified
  [organ] webwaka-organ-fin-payment-processing/src/PaymentProcessingOrgan.ts: methods verified
  [system] webwaka-system-fin-banking/src/entity.ts: methods verified
  [organism] webwaka-organism-platform/src/entity.ts: methods verified

--- 2. Package.json Naming Convention ---
  [organelle] package.json naming verified
  [cell] package.json naming verified
  [tissue] package.json naming verified
  [organ] package.json naming verified
  [system] package.json naming verified
  [organism] package.json naming verified

--- 3. Types.ts Interface Patterns ---
  [organelle] webwaka-organelle-subject-registry/src/types.ts: interface=True export=True
  [cell] webwaka-cell-access-ctrl/src/types.ts: interface=True export=True
  [tissue] webwaka-tissue-event/src/types.ts: interface=True export=True
  [organ] webwaka-organ-fin-payment-processing/src/types.ts: interface=True export=True
  [system] webwaka-system-fin-banking/src/types.ts: interface=True export=True
  [organism] webwaka-organism-platform/src/types.ts: interface=True export=True

--- 4. Dependency Chain Validation ---
  [1/6] organelle: 22 components — Lowest level — atomic operations
  [2/6] cell: 16 components — Composes organelles into functional units
  [3/6] tissue: 10 components — Coordinates cells into cooperative groups
  [4/6] organ: 56 components — Assembles tissues into domain-specific organs
  [5/6] system: 19 components — Composes organs into platform systems
  [6/6] organism: 1 components — Governs all systems as unified platform

  Total: 124 components across 6 layers

--- 5. Cross-Layer Issue Closure Chain ---
  [organelle] webwaka-organelle-universe master issue: CLOSED
  [cell] webwaka-cell-universe master issue: CLOSED
  [tissue] webwaka-tissue-universe master issue: CLOSED
  [organ] webwaka-organ-universe master issue: OPEN
  [system] webwaka-system-universe master issue: CLOSED
  [organism] webwaka-organism-universe master issue: CLOSED

======================================================================
INTERFACE CONTRACT & DEPENDENCY CHAIN VERIFICATION SUMMARY
======================================================================
Total Checks: 89
Passed: 84
Failed: 5
Pass Rate: 94.4%

Failures:
  ❌ FAIL|MethodNaming|organelle_executeOffline|Method 'executeOffline' not found in src/subject-registry-entity.ts
  ❌ FAIL|MethodNaming|organelle_sync|Method 'sync' not found in src/subject-registry-entity.ts
  ❌ FAIL|MethodNaming|organelle_getHealth|Method 'getHealth' not found in src/subject-registry-entity.ts
  ❌ FAIL|MethodNaming|cell_getHealth|Method 'getHealth' not found in src/access-ctrl-cell.ts
  ❌ FAIL|IssueClosure|organ_master_issue|State: open

Interface contract verification complete.
