======================================================================
WEBWAKA PLATFORM DEEP AUDIT
======================================================================

============================================================
LAYER: ORGANELLE
============================================================

--- webwaka-organelle-audit-emitter ---
  Files: 28 total, 3 tests, 13 docs
  Package: @webwaka/organelle-audit-emitter v0.1.0
  Scripts: ['build', 'test', 'lint']
  Dependencies: []
  DevDependencies: ['typescript', 'jest', 'ts-jest', '@types/jest']
  TSConfig target: ES2020
  TSConfig module: commonjs
  README: 1070 chars
  Entity: src/audit-emitter-entity.ts (4150 chars)
  Types: src/types.ts (4221 chars)
  Deploy files: ['docs/deployment-guide.md']

--- webwaka-organelle-workflow-orchestrator ---
  Files: 29 total, 3 tests, 14 docs
  Package: @webwaka/organelle-workflow-orchestrator v0.1.0
  Scripts: ['build', 'test', 'lint']
  Dependencies: []
  DevDependencies: ['typescript', 'jest', 'ts-jest', '@types/jest']
  TSConfig target: ES2020
  TSConfig module: commonjs
  README: 2266 chars
  Entity: src/workflow-orchestrator-entity.ts (5186 chars)
  Types: src/types.ts (2232 chars)
  Deploy files: ['docs/deployment-guide.md', 'src/workflow-orchestrator-entity.ts', 'src/workflow-orchestrator-orchestrator.ts', 'tests/workflow-orchestrator-entity.test.ts', 'tests/workflow-orchestrator-orchestrator.test.ts', 'tests/workflow-orchestrator-state-machine.test.ts']

--- webwaka-organelle-record-store ---
  Files: 29 total, 3 tests, 14 docs
  Package: @webwaka/organelle-record-store v0.1.0
  Scripts: ['build', 'test', 'lint']
  Dependencies: []
  DevDependencies: ['typescript', 'jest', 'ts-jest', '@types/jest']
  TSConfig target: ES2020
  TSConfig module: commonjs
  README: 2167 chars
  Entity: src/record-store-entity.ts (4844 chars)
  Types: src/types.ts (2124 chars)
  Deploy files: ['docs/deployment-guide.md']

============================================================
LAYER: CELL
============================================================

--- webwaka-cell-access-ctrl ---
  Files: 24 total, 2 tests, 14 docs
  Package: @webwaka/cell-access-ctrl v0.1.0
  Scripts: ['build', 'test', 'lint']
  Dependencies: []
  DevDependencies: ['typescript', 'jest', '@types/jest', 'ts-jest', 'eslint']
  TSConfig target: ES2022
  TSConfig module: commonjs
  README: 2175 chars
  Types: src/types.ts (2576 chars)
  Deploy files: ['docs/deployment-guide.md']

--- webwaka-cell-ai-cognitive-cell ---
  Files: 24 total, 2 tests, 14 docs
  Package: @webwaka/cell-ai-cognitive-cell v0.1.0
  Scripts: ['build', 'test', 'lint']
  Dependencies: []
  DevDependencies: ['typescript', 'jest', '@types/jest', 'ts-jest', 'eslint']
  TSConfig target: ES2022
  TSConfig module: commonjs
  README: 2205 chars
  Types: src/types.ts (2577 chars)
  Deploy files: ['docs/deployment-guide.md']

--- webwaka-cell-event-dispatch ---
  Files: 24 total, 2 tests, 14 docs
  Package: @webwaka/cell-event-dispatch v0.1.0
  Scripts: ['build', 'test', 'lint']
  Dependencies: []
  DevDependencies: ['typescript', 'jest', '@types/jest', 'ts-jest', 'eslint']
  TSConfig target: ES2022
  TSConfig module: commonjs
  README: 2184 chars
  Types: src/types.ts (2574 chars)
  Deploy files: ['docs/deployment-guide.md']

============================================================
LAYER: TISSUE
============================================================

--- webwaka-tissue-ai-cognitive ---
  Files: 21 total, 3 tests, 11 docs
  Package: @webwaka/tissue-ai-cognitive v0.1.0
  Scripts: ['build', 'test', 'lint']
  Dependencies: []
  DevDependencies: []
  README: 2158 chars
  Entity: src/entity.ts (8043 chars)
  Types: src/types.ts (2784 chars)
  Deploy files: ['docs/spec/specification.md']

--- webwaka-tissue-workflow ---
  Files: 21 total, 3 tests, 11 docs
  Package: @webwaka/tissue-workflow v0.1.0
  Scripts: ['build', 'test', 'lint']
  Dependencies: []
  DevDependencies: []
  README: 2061 chars
  Entity: src/entity.ts (7998 chars)
  Types: src/types.ts (2722 chars)
  Deploy files: ['docs/spec/specification.md']

============================================================
LAYER: ORGAN
============================================================

--- webwaka-organ-ai-model-serving ---
  Files: 20 total, 3 tests, 12 docs
  Package: @webwaka/organ-ai-model-serving v0.1.0
  Scripts: ['build', 'test', 'lint']
  Dependencies: []
  DevDependencies: []
  README: 2385 chars
  Types: src/types.ts (2449 chars)
  Deploy files: NONE

--- webwaka-organ-fin-payment-processing ---
  Files: 20 total, 3 tests, 12 docs
  Package: @webwaka/organ-fin-payment-processing v0.1.0
  Scripts: ['build', 'test', 'lint']
  Dependencies: []
  DevDependencies: []
  README: 2398 chars
  Types: src/types.ts (2498 chars)
  Deploy files: NONE

--- webwaka-organ-com-order-management ---
  Files: 20 total, 3 tests, 12 docs
  Package: @webwaka/organ-com-order-management v0.1.0
  Scripts: ['build', 'test', 'lint']
  Dependencies: []
  DevDependencies: []
  README: 2370 chars
  Types: src/types.ts (2468 chars)
  Deploy files: NONE

============================================================
LAYER: SYSTEM
============================================================

--- webwaka-system-ai-cognitive-fabric ---
  Files: 19 total, 2 tests, 11 docs
  Package: @webwaka/system-ai-cognitive-fabric v0.1.0
  Scripts: ['build', 'test', 'lint']
  Dependencies: []
  DevDependencies: []
  README: 1022 chars
  Entity: src/entity.ts (319 chars)
  Types: src/types.ts (1278 chars)
  Deploy files: NONE

--- webwaka-system-fin-banking ---
  Files: 18 total, 2 tests, 11 docs
  Package: @webwaka/system-banking v0.1.0
  Scripts: ['build', 'test', 'lint']
  Dependencies: []
  DevDependencies: []
  README: 1321 chars
  Entity: src/entity.ts (6418 chars)
  Types: src/types.ts (3665 chars)
  Deploy files: NONE

--- webwaka-system-com-ecommerce ---
  Files: 18 total, 2 tests, 11 docs
  Package: @webwaka/system-ecommerce v0.1.0
  Scripts: ['build', 'test', 'lint']
  Dependencies: []
  DevDependencies: []
  README: 1301 chars
  Entity: src/entity.ts (6226 chars)
  Types: src/types.ts (3545 chars)
  Deploy files: NONE

============================================================
LAYER: ORGANISM
============================================================

--- webwaka-organism-platform ---
  Files: 20 total, 1 tests, 14 docs
  Package: @webwaka/organism-platform v0.1.0
  Scripts: ['build', 'test', 'lint', 'audit:constitutional']
  Dependencies: []
  DevDependencies: []
  README: 182 chars
  Entity: src/entity.ts (8584 chars)
  Types: src/types.ts (2451 chars)
  Deploy files: NONE

======================================================================
AUDIT COMPLETE — findings saved to platform_audit_findings.json
======================================================================
