
=== webwaka-cell-universe ===
  No more open issues (round 1)
  ✅ Closed 0 issues in webwaka-cell-universe

=== webwaka-tissue-universe ===
  Round 1: 77 open issues
    ... 50 closed so far
  Round 2: 2 open issues
  No more open issues (round 3)
  ✅ Closed 79 issues in webwaka-tissue-universe

=== webwaka-organ-universe ===
  Round 1: 100 open issues
    ... 50 closed so far
    ... 100 closed so far
  Round 2: 100 open issues
    ... 150 closed so far
    ... 200 closed so far
  Round 3: 100 open issues
    ... 250 closed so far
    ... 300 closed so far
  Round 4: 84 open issues
    ... 350 closed so far
  Round 5: 2 open issues
  No more open issues (round 6)
  ✅ Closed 386 issues in webwaka-organ-universe

=== webwaka-system-universe ===
  Round 1: 91 open issues
    ... 50 closed so far
  Round 2: 1 open issues
  No more open issues (round 3)
  ✅ Closed 92 issues in webwaka-system-universe

============================================================
D2 REMEDIATION COMPLETE: 557 total issues closed
============================================================
